Launching lib/main.dart on CPH2401 in debug mode...
Running Gradle task 'assembleDebug'...                          
lib/screens/checkout_screen.dart:39:22: Error: The method 'StripeService' isn't defined for the type '_CheckoutScreenState'.
 - '_CheckoutScreenState' is from 'package:demo/screens/checkout_screen.dart' ('lib/screens/checkout_screen.dart').
Try correcting the name to the name of an existing method, or defining a method named 'StripeService'.
      final stripe = StripeService();
                     ^^^^^^^^^^^^^
lib/screens/complete_purchase_screen.dart:78:22: Error: The method 'StripeService' isn't defined for the type '_CheckoutFormCardState'.
 - '_CheckoutFormCardState' is from 'package:demo/screens/complete_purchase_screen.dart' ('lib/screens/complete_purchase_screen.dart').
Try correcting the name to the name of an existing method, or defining a method named 'StripeService'.
      final stripe = StripeService();
                     ^^^^^^^^^^^^^
Target kernel_snapshot_program failed: Exception


FAILURE: Build failed with an exception.

* What went wrong:
Execution failed for task ':app:compileFlutterBuildDebug'.
> Process 'command '/Users/igeek/fvm/versions/3.32.5/bin/flutter'' finished with non-zero exit value 1

* Try:
> Run with --stacktrace option to get the stack trace.
> Run with --info or --debug option to get more log output.
> Run with --scan to get full insights.
> Get more help at https://help.gradle.org.

BUILD FAILED in 9s
Running Gradle task 'assembleDebug'...                              9.3s
Error: Gradle task assembleDebug failed with exit code 1
